This file contains any messages produced by compilers while
running configure, to aid debugging if configure makes a mistake.

It was created by HarfBuzz configure 2.6.7, which was
generated by GNU Autoconf 2.69.  Invocation command line was

  $ /home/user/Adafruit-GFX-Library/fontconvert/cmake-build-pinned/freetype-hb/ep/Source/harfbuzz/configure --prefix=/home/user/Adafruit-GFX-Library/fontconvert/cmake-build-pinned/freetype-hb/ep/Install/harfbuzz --enable-static=yes --enable-shared=no

## --------- ##
## Platform. ##
## --------- ##

hostname = vm
uname -m = x86_64
uname -r = 6.18.5
uname -s = Linux
uname -v = #1 SMP PREEMPT_DYNAMIC @0

/usr/bin/uname -p = x86_64
/bin/uname -X     = unknown

/bin/arch              = x86_64
/usr/bin/arch -k       = unknown
/usr/convex/getsysinfo = unknown
/usr/bin/hostinfo      = unknown
/bin/machine           = unknown
/usr/bin/oslevel       = unknown
/bin/universe          = unknown

PATH: /root/.local/bin
PATH: /root/.cargo/bin
PATH: /usr/local/go/bin
PATH: /opt/node22/bin
PATH: /opt/maven/bin
PATH: /opt/gradle/bin
PATH: /opt/rbenv/bin
PATH: /root/.bun/bin
PATH: /usr/local/sbin
PATH: /usr/local/bin
PATH: /usr/sbin
PATH: /usr/bin
PATH: /sbin
PATH: /bin


## ----------- ##
## Core tests. ##
## ----------- ##

configure:2961: checking for a BSD-compatible install
configure:3029: result: /usr/bin/install -c
configure:3040: checking whether build environment is sane
configure:3095: result: yes
configure:3246: checking for a thread-safe mkdir -p
configure:3285: result: /usr/bin/mkdir -p
configure:3292: checking for gawk
configure:3322: result: no
configure:3292: checking for mawk
configure:3308: found /usr/bin/mawk
configure:3319: result: mawk
configure:3330: checking whether make sets $(MAKE)
configure:3352: result: yes
configure:3381: checking whether make supports nested variables
configure:3398: result: yes
configure:3478: checking whether UID '0' is supported by ustar format
configure:3481: result: yes
configure:3488: checking whether GID '0' is supported by ustar format
configure:3491: result: yes
configure:3499: checking how to create a ustar tar archive
configure:3510: tar --version
tar (GNU tar) 1.35
Copyright (C) 2023 Free Software Foundation, Inc.
License GPLv3+: GNU GPL version 3 or later <https://gnu.org/licenses/gpl.html>.
This is free software: you are free to change and redistribute it.
There is NO WARRANTY, to the extent permitted by law.

Written by John Gilmore and Jay Fenlason.
configure:3513: $? = 0
configure:3553: tardir=conftest.dir && eval tar --format=ustar -chf - "$tardir" >conftest.tar
configure:3556: $? = 0
configure:3560: tar -xf - <conftest.tar
configure:3563: $? = 0
configure:3565: cat conftest.dir/file
GrepMe
configure:3568: $? = 0
configure:3581: result: gnutar
configure:3642: checking whether make supports nested variables
configure:3659: result: yes
configure:3670: checking for a sed that does not truncate output
configure:3734: result: /usr/bin/sed
configure:3752: checking whether to build with code coverage support
configure:3772: result: no
configure:4115: checking whether make supports the include directive
configure:4130: make -f confmf.GNU && cat confinc.out
make[3]: Entering directory '/home/user/Adafruit-GFX-Library/fontconvert/cmake-build-pinned/freetype-hb/ep/Build/harfbuzz'
make[3]: Leaving directory '/home/user/Adafruit-GFX-Library/fontconvert/cmake-build-pinned/freetype-hb/ep/Build/harfbuzz'
this is the am__doit target
configure:4133: $? = 0
configure:4152: result: yes (GNU style)
configure:4222: checking for gcc
configure:4238: found /usr/bin/gcc
configure:4249: result: gcc
configure:4478: checking for C compiler version
configure:4487: gcc --version >&5
gcc (Ubuntu 13.3.0-6ubuntu2~24.04.1) 13.3.0
Copyright (C) 2023 Free Software Foundation, Inc.
This is free software; see the source for copying conditions.  There is NO
warranty; not even for MERCHANTABILITY or FITNESS FOR A PARTICULAR PURPOSE.

configure:4498: $? = 0
configure:4487: gcc -v >&5
Using built-in specs.
COLLECT_GCC=gcc
COLLECT_LTO_WRAPPER=/usr/libexec/gcc/x86_64-linux-gnu/13/lto-wrapper
OFFLOAD_TARGET_NAMES=nvptx-none:amdgcn-amdhsa
OFFLOAD_TARGET_DEFAULT=1
Target: x86_64-linux-gnu
Configured with: ../src/configure -v --with-pkgversion='Ubuntu 13.3.0-6ubuntu2~24.04.1' --with-bugurl=file:///usr/share/doc/gcc-13/README.Bugs --enable-languages=c,ada,c++,go,d,fortran,objc,obj-c++,m2 --prefix=/usr --with-gcc-major-version-only --program-suffix=-13 --program-prefix=x86_64-linux-gnu- --enable-shared --enable-linker-build-id --libexecdir=/usr/libexec --without-included-gettext --enable-threads=posix --libdir=/usr/lib --enable-nls --enable-bootstrap --enable-clocale=gnu --enable-libstdcxx-debug --enable-libstdcxx-time=yes --with-default-libstdcxx-abi=new --enable-libstdcxx-backtrace --enable-gnu-unique-object --disable-vtable-verify --enable-plugin --enable-default-pie --with-system-zlib --enable-libphobos-checking=release --with-target-system-zlib=auto --enable-objc-gc=auto --enable-multiarch --disable-werror --enable-cet --with-arch-32=i686 --with-abi=m64 --with-multilib-list=m32,m64,mx32 --enable-multilib --with-tune=generic --enable-offload-targets=nvptx-none=/build/gcc-13-EldibY/gcc-13-13.3.0/debian/tmp-nvptx/usr,amdgcn-amdhsa=/build/gcc-13-EldibY/gcc-13-13.3.0/debian/tmp-gcn/usr --enable-offload-defaulted --without-cuda-driver --enable-checking=release --build=x86_64-linux-gnu --host=x86_64-linux-gnu --target=x86_64-linux-gnu --with-build-config=bootstrap-lto-lean --enable-link-serialization=2
Thread model: posix
Supported LTO compression algorithms: zlib zstd
gcc version 13.3.0 (Ubuntu 13.3.0-6ubuntu2~24.04.1) 
... rest of stderr output deleted ...
configure:4498: $? = 0
configure:4487: gcc -V >&5
gcc: error: unrecognized command-line option '-V'
gcc: fatal error: no input files
compilation terminated.
configure:4498: $? = 1
configure:4487: gcc -qversion >&5
gcc: error: unrecognized command-line option '-qversion'; did you mean '--version'?
gcc: fatal error: no input files
compilation terminated.
configure:4498: $? = 1
configure:4518: checking whether the C compiler works
configure:4540: gcc    conftest.c  >&5
configure:4544: $? = 0
configure:4592: result: yes
configure:4595: checking for C compiler default output file name
configure:4597: result: a.out
configure:4603: checking for suffix of executables
configure:4610: gcc -o conftest    conftest.c  >&5
configure:4614: $? = 0
configure:4636: result: 
configure:4658: checking whether we are cross compiling
configure:4666: gcc -o conftest    conftest.c  >&5
configure:4670: $? = 0
configure:4677: ./conftest
configure:4681: $? = 0
configure:4696: result: no
configure:4701: checking for suffix of object files
configure:4723: gcc -c   conftest.c >&5
configure:4727: $? = 0
configure:4748: result: o
configure:4752: checking whether we are using the GNU C compiler
configure:4771: gcc -c   conftest.c >&5
configure:4771: $? = 0
configure:4780: result: yes
configure:4789: checking whether gcc accepts -g
configure:4809: gcc -c -g  conftest.c >&5
configure:4809: $? = 0
configure:4850: result: yes
configure:4867: checking for gcc option to accept ISO C89
configure:4930: gcc  -c -g -O2  conftest.c >&5
configure:4930: $? = 0
configure:4943: result: none needed
configure:4968: checking whether gcc understands -c and -o together
configure:4990: gcc -c conftest.c -o conftest2.o
configure:4993: $? = 0
configure:4990: gcc -c conftest.c -o conftest2.o
configure:4993: $? = 0
configure:5005: result: yes
configure:5024: checking dependency style of gcc
configure:5135: result: gcc3
configure:5200: checking for ar
configure:5216: found /usr/bin/ar
configure:5227: result: ar
configure:5253: checking the archiver (ar) interface
configure:5269: gcc -c -g -O2  conftest.c >&5
configure:5269: $? = 0
configure:5271: ar cru libconftest.a conftest.o >&5
ar: `u' modifier ignored since `D' is the default (see `U')
configure:5274: $? = 0
configure:5302: result: ar
configure:5352: checking build system type
configure:5366: result: x86_64-pc-linux-gnu
configure:5386: checking host system type
configure:5399: result: x86_64-pc-linux-gnu
configure:5440: checking how to print strings
configure:5467: result: printf
configure:5488: checking for a sed that does not truncate output
configure:5552: result: /usr/bin/sed
configure:5570: checking for grep that handles long lines and -e
configure:5628: result: /usr/bin/grep
configure:5633: checking for egrep
configure:5695: result: /usr/bin/grep -E
configure:5700: checking for fgrep
configure:5762: result: /usr/bin/grep -F
configure:5797: checking for ld used by gcc
configure:5864: result: /usr/bin/ld
configure:5871: checking if the linker (/usr/bin/ld) is GNU ld
configure:5886: result: yes
configure:5898: checking for BSD- or MS-compatible name lister (nm)
configure:5952: result: /usr/bin/nm -B
configure:6082: checking the name lister (/usr/bin/nm -B) interface
configure:6089: gcc -c -g -O2  conftest.c >&5
configure:6092: /usr/bin/nm -B "conftest.o"
configure:6095: output
0000000000000000 B some_variable
configure:6102: result: BSD nm
configure:6105: checking whether ln -s works
configure:6109: result: yes
configure:6117: checking the maximum length of command line arguments
configure:6248: result: 1572864
configure:6296: checking how to convert x86_64-pc-linux-gnu file names to x86_64-pc-linux-gnu format
configure:6336: result: func_convert_file_noop
configure:6343: checking how to convert x86_64-pc-linux-gnu file names to toolchain format
configure:6363: result: func_convert_file_noop
configure:6370: checking for /usr/bin/ld option to reload object files
configure:6377: result: -r
configure:6451: checking for objdump
configure:6467: found /usr/bin/objdump
configure:6478: result: objdump
configure:6510: checking how to recognize dependent libraries
configure:6710: result: pass_all
configure:6795: checking for dlltool
configure:6825: result: no
configure:6855: checking how to associate runtime and link libraries
configure:6882: result: printf %s\n
configure:7022: checking for archiver @FILE support
configure:7039: gcc -c -g -O2  conftest.c >&5
configure:7039: $? = 0
configure:7042: ar cr libconftest.a @conftest.lst >&5
configure:7045: $? = 0
configure:7050: ar cr libconftest.a @conftest.lst >&5
ar: conftest.o: No such file or directory
configure:7053: $? = 1
configure:7065: result: @
configure:7123: checking for strip
configure:7139: found /usr/bin/strip
configure:7150: result: strip
configure:7222: checking for ranlib
configure:7238: found /usr/bin/ranlib
configure:7249: result: ranlib
configure:7351: checking command to parse /usr/bin/nm -B output from gcc object
configure:7504: gcc -c -g -O2  conftest.c >&5
configure:7507: $? = 0
configure:7511: /usr/bin/nm -B conftest.o \| sed -n -e 's/^.*[ ]\([ABCDGIRSTW][ABCDGIRSTW]*\)[ ][ ]*\([_A-Za-z][_A-Za-z0-9]*\)$/\1 \2 \2/p' | sed '/ __gnu_lto/d' \> conftest.nm
configure:7514: $? = 0
configure:7580: gcc -o conftest -g -O2   conftest.c conftstm.o >&5
configure:7583: $? = 0
configure:7621: result: ok
configure:7668: checking for sysroot
configure:7698: result: no
configure:7705: checking for a working dd
configure:7743: result: /usr/bin/dd
configure:7747: checking how to truncate binary pipes
configure:7762: result: /usr/bin/dd bs=4096 count=1
configure:7898: gcc -c -g -O2  conftest.c >&5
configure:7901: $? = 0
configure:8091: checking for mt
configure:8121: result: no
configure:8141: checking if : is a manifest tool
configure:8147: : '-?'
configure:8155: result: no
configure:8832: checking how to run the C preprocessor
configure:8863: gcc -E  conftest.c
configure:8863: $? = 0
configure:8877: gcc -E  conftest.c
conftest.c:9:10: fatal error: ac_nonexistent.h: No such file or directory
    9 | #include <ac_nonexistent.h>
      |          ^~~~~~~~~~~~~~~~~~
compilation terminated.
configure:8877: $? = 1
configure: failed program was:
| /* confdefs.h */
| #define PACKAGE_NAME "HarfBuzz"
| #define PACKAGE_TARNAME "harfbuzz"
| #define PACKAGE_VERSION "2.6.7"
| #define PACKAGE_STRING "HarfBuzz 2.6.7"
| #define PACKAGE_BUGREPORT "https://github.com/harfbuzz/harfbuzz/issues/new"
| #define PACKAGE_URL "http://harfbuzz.org/"
| /* end confdefs.h.  */
| #include <ac_nonexistent.h>
configure:8902: result: gcc -E
configure:8922: gcc -E  conftest.c
configure:8922: $? = 0
configure:8936: gcc -E  conftest.c
conftest.c:9:10: fatal error: ac_nonexistent.h: No such file or directory
    9 | #include <ac_nonexistent.h>
      |          ^~~~~~~~~~~~~~~~~~
compilation terminated.
configure:8936: $? = 1
configure: failed program was:
| /* confdefs.h */
| #define PACKAGE_NAME "HarfBuzz"
| #define PACKAGE_TARNAME "harfbuzz"
| #define PACKAGE_VERSION "2.6.7"
| #define PACKAGE_STRING "HarfBuzz 2.6.7"
| #define PACKAGE_BUGREPORT "https://github.com/harfbuzz/harfbuzz/issues/new"
| #define PACKAGE_URL "http://harfbuzz.org/"
| /* end confdefs.h.  */
| #include <ac_nonexistent.h>
configure:8965: checking for ANSI C header files
configure:8985: gcc -c -g -O2  conftest.c >&5
configure:8985: $? = 0
configure:9058: gcc -o conftest -g -O2   conftest.c  >&5
configure:9058: $? = 0
configure:9058: ./conftest
configure:9058: $? = 0
configure:9069: result: yes
configure:9082: checking for sys/types.h
configure:9082: gcc -c -g -O2  conftest.c >&5
configure:9082: $? = 0
configure:9082: result: yes
configure:9082: checking for sys/stat.h
configure:9082: gcc -c -g -O2  conftest.c >&5
configure:9082: $? = 0
configure:9082: result: yes
configure:9082: checking for stdlib.h
configure:9082: gcc -c -g -O2  conftest.c >&5
configure:9082: $? = 0
configure:9082: result: yes
configure:9082: checking for string.h
configure:9082: gcc -c -g -O2  conftest.c >&5
configure:9082: $? = 0
configure:9082: result: yes
configure:9082: checking for memory.h
configure:9082: gcc -c -g -O2  conftest.c >&5
configure:9082: $? = 0
configure:9082: result: yes
configure:9082: checking for strings.h
configure:9082: gcc -c -g -O2  conftest.c >&5
configure:9082: $? = 0
configure:9082: result: yes
configure:9082: checking for inttypes.h
configure:9082: gcc -c -g -O2  conftest.c >&5
configure:9082: $? = 0
configure:9082: result: yes
configure:9082: checking for stdint.h
configure:9082: gcc -c -g -O2  conftest.c >&5
configure:9082: $? = 0
configure:9082: result: yes
configure:9082: checking for unistd.h
configure:9082: gcc -c -g -O2  conftest.c >&5
configure:9082: $? = 0
configure:9082: result: yes
configure:9096: checking for dlfcn.h
configure:9096: gcc -c -g -O2  conftest.c >&5
configure:9096: $? = 0
configure:9096: result: yes
configure:9351: checking for objdir
configure:9366: result: .libs
configure:9630: checking if gcc supports -fno-rtti -fno-exceptions
configure:9648: gcc -c -g -O2  -fno-rtti -fno-exceptions conftest.c >&5
cc1: warning: command-line option '-fno-rtti' is valid for C++/D/ObjC++ but not for C
configure:9652: $? = 0
configure:9665: result: no
configure:10023: checking for gcc option to produce PIC
configure:10030: result: -fPIC -DPIC
configure:10038: checking if gcc PIC flag -fPIC -DPIC works
configure:10056: gcc -c -g -O2  -fPIC -DPIC -DPIC conftest.c >&5
configure:10060: $? = 0
configure:10073: result: yes
configure:10102: checking if gcc static flag -static works
configure:10130: result: yes
configure:10145: checking if gcc supports -c -o file.o
configure:10166: gcc -c -g -O2  -o out/conftest2.o conftest.c >&5
configure:10170: $? = 0
configure:10192: result: yes
configure:10200: checking if gcc supports -c -o file.o
configure:10247: result: yes
configure:10280: checking whether the gcc linker (/usr/bin/ld -m elf_x86_64) supports shared libraries
configure:11541: result: yes
configure:11781: checking dynamic linker characteristics
configure:12362: gcc -o conftest -g -O2   -Wl,-rpath -Wl,/foo conftest.c  >&5
configure:12362: $? = 0
configure:12599: result: GNU/Linux ld.so
configure:12721: checking how to hardcode library paths into programs
configure:12746: result: immediate
configure:13294: checking whether stripping libraries is possible
configure:13303: result: yes
configure:13345: checking if libtool supports shared libraries
configure:13347: result: yes
configure:13350: checking whether to build shared libraries
configure:13375: result: no
configure:13378: checking whether to build static libraries
configure:13382: result: yes
configure:13469: checking for gcc
configure:13496: result: gcc
configure:13725: checking for C compiler version
configure:13734: gcc --version >&5
gcc (Ubuntu 13.3.0-6ubuntu2~24.04.1) 13.3.0
Copyright (C) 2023 Free Software Foundation, Inc.
This is free software; see the source for copying conditions.  There is NO
warranty; not even for MERCHANTABILITY or FITNESS FOR A PARTICULAR PURPOSE.

configure:13745: $? = 0
configure:13734: gcc -v >&5
Using built-in specs.
COLLECT_GCC=gcc
COLLECT_LTO_WRAPPER=/usr/libexec/gcc/x86_64-linux-gnu/13/lto-wrapper
OFFLOAD_TARGET_NAMES=nvptx-none:amdgcn-amdhsa
OFFLOAD_TARGET_DEFAULT=1
Target: x86_64-linux-gnu
Configured with: ../src/configure -v --with-pkgversion='Ubuntu 13.3.0-6ubuntu2~24.04.1' --with-bugurl=file:///usr/share/doc/gcc-13/README.Bugs --enable-languages=c,ada,c++,go,d,fortran,objc,obj-c++,m2 --prefix=/usr --with-gcc-major-version-only --program-suffix=-13 --program-prefix=x86_64-linux-gnu- --enable-shared --enable-linker-build-id --libexecdir=/usr/libexec --without-included-gettext --enable-threads=posix --libdir=/usr/lib --enable-nls --enable-bootstrap --enable-clocale=gnu --enable-libstdcxx-debug --enable-libstdcxx-time=yes --with-default-libstdcxx-abi=new --enable-libstdcxx-backtrace --enable-gnu-unique-object --disable-vtable-verify --enable-plugin --enable-default-pie --with-system-zlib --enable-libphobos-checking=release --with-target-system-zlib=auto --enable-objc-gc=auto --enable-multiarch --disable-werror --enable-cet --with-arch-32=i686 --with-abi=m64 --with-multilib-list=m32,m64,mx32 --enable-multilib --with-tune=generic --enable-offload-targets=nvptx-none=/build/gcc-13-EldibY/gcc-13-13.3.0/debian/tmp-nvptx/usr,amdgcn-amdhsa=/build/gcc-13-EldibY/gcc-13-13.3.0/debian/tmp-gcn/usr --enable-offload-defaulted --without-cuda-driver --enable-checking=release --build=x86_64-linux-gnu --host=x86_64-linux-gnu --target=x86_64-linux-gnu --with-build-config=bootstrap-lto-lean --enable-link-serialization=2
Thread model: posix
Supported LTO compression algorithms: zlib zstd
gcc version 13.3.0 (Ubuntu 13.3.0-6ubuntu2~24.04.1) 
... rest of stderr output deleted ...
configure:13745: $? = 0
configure:13734: gcc -V >&5
gcc: error: unrecognized command-line option '-V'
gcc: fatal error: no input files
compilation terminated.
configure:13745: $? = 1
configure:13734: gcc -qversion >&5
gcc: error: unrecognized command-line option '-qversion'; did you mean '--version'?
gcc: fatal error: no input files
compilation terminated.
configure:13745: $? = 1
configure:13749: checking whether we are using the GNU C compiler
configure:13777: result: yes
configure:13786: checking whether gcc accepts -g
configure:13847: result: yes
configure:13864: checking for gcc option to accept ISO C89
configure:13940: result: none needed
configure:13965: checking whether gcc understands -c and -o together
configure:14002: result: yes
configure:14021: checking dependency style of gcc
configure:14132: result: gcc3
configure:14147: checking for gcc option to accept ISO C99
configure:14296: gcc  -c -g -O2  conftest.c >&5
configure:14296: $? = 0
configure:14309: result: none needed
configure:14383: checking for g++
configure:14399: found /usr/bin/g++
configure:14410: result: g++
configure:14437: checking for C++ compiler version
configure:14446: g++ --version >&5
g++ (Ubuntu 13.3.0-6ubuntu2~24.04.1) 13.3.0
Copyright (C) 2023 Free Software Foundation, Inc.
This is free software; see the source for copying conditions.  There is NO
warranty; not even for MERCHANTABILITY or FITNESS FOR A PARTICULAR PURPOSE.

configure:14457: $? = 0
configure:14446: g++ -v >&5
Using built-in specs.
COLLECT_GCC=g++
COLLECT_LTO_WRAPPER=/usr/libexec/gcc/x86_64-linux-gnu/13/lto-wrapper
OFFLOAD_TARGET_NAMES=nvptx-none:amdgcn-amdhsa
OFFLOAD_TARGET_DEFAULT=1
Target: x86_64-linux-gnu
Configured with: ../src/configure -v --with-pkgversion='Ubuntu 13.3.0-6ubuntu2~24.04.1' --with-bugurl=file:///usr/share/doc/gcc-13/README.Bugs --enable-languages=c,ada,c++,go,d,fortran,objc,obj-c++,m2 --prefix=/usr --with-gcc-major-version-only --program-suffix=-13 --program-prefix=x86_64-linux-gnu- --enable-shared --enable-linker-build-id --libexecdir=/usr/libexec --without-included-gettext --enable-threads=posix --libdir=/usr/lib --enable-nls --enable-bootstrap --enable-clocale=gnu --enable-libstdcxx-debug --enable-libstdcxx-time=yes --with-default-libstdcxx-abi=new --enable-libstdcxx-backtrace --enable-gnu-unique-object --disable-vtable-verify --enable-plugin --enable-default-pie --with-system-zlib --enable-libphobos-checking=release --with-target-system-zlib=auto --enable-objc-gc=auto --enable-multiarch --disable-werror --enable-cet --with-arch-32=i686 --with-abi=m64 --with-multilib-list=m32,m64,mx32 --enable-multilib --with-tune=generic --enable-offload-targets=nvptx-none=/build/gcc-13-EldibY/gcc-13-13.3.0/debian/tmp-nvptx/usr,amdgcn-amdhsa=/build/gcc-13-EldibY/gcc-13-13.3.0/debian/tmp-gcn/usr --enable-offload-defaulted --without-cuda-driver --enable-checking=release --build=x86_64-linux-gnu --host=x86_64-linux-gnu --target=x86_64-linux-gnu --with-build-config=bootstrap-lto-lean --enable-link-serialization=2
Thread model: posix
Supported LTO compression algorithms: zlib zstd
gcc version 13.3.0 (Ubuntu 13.3.0-6ubuntu2~24.04.1) 
... rest of stderr output deleted ...
configure:14457: $? = 0
configure:14446: g++ -V >&5
g++: error: unrecognized command-line option '-V'
g++: fatal error: no input files
compilation terminated.
configure:14457: $? = 1
configure:14446: g++ -qversion >&5
g++: error: unrecognized command-line option '-qversion'; did you mean '--version'?
g++: fatal error: no input files
compilation terminated.
configure:14457: $? = 1
configure:14461: checking whether we are using the GNU C++ compiler
configure:14480: g++ -c   conftest.cpp >&5
configure:14480: $? = 0
configure:14489: result: yes
configure:14498: checking whether g++ accepts -g
configure:14518: g++ -c -g  conftest.cpp >&5
configure:14518: $? = 0
configure:14559: result: yes
configure:14584: checking dependency style of g++
configure:14695: result: gcc3
configure:14728: checking how to run the C++ preprocessor
configure:14755: g++ -E  conftest.cpp
configure:14755: $? = 0
configure:14769: g++ -E  conftest.cpp
conftest.cpp:21:10: fatal error: ac_nonexistent.h: No such file or directory
   21 | #include <ac_nonexistent.h>
      |          ^~~~~~~~~~~~~~~~~~
compilation terminated.
configure:14769: $? = 1
configure: failed program was:
| /* confdefs.h */
| #define PACKAGE_NAME "HarfBuzz"
| #define PACKAGE_TARNAME "harfbuzz"
| #define PACKAGE_VERSION "2.6.7"
| #define PACKAGE_STRING "HarfBuzz 2.6.7"
| #define PACKAGE_BUGREPORT "https://github.com/harfbuzz/harfbuzz/issues/new"
| #define PACKAGE_URL "http://harfbuzz.org/"
| #define STDC_HEADERS 1
| #define HAVE_SYS_TYPES_H 1
| #define HAVE_SYS_STAT_H 1
| #define HAVE_STDLIB_H 1
| #define HAVE_STRING_H 1
| #define HAVE_MEMORY_H 1
| #define HAVE_STRINGS_H 1
| #define HAVE_INTTYPES_H 1
| #define HAVE_STDINT_H 1
| #define HAVE_UNISTD_H 1
| #define HAVE_DLFCN_H 1
| #define LT_OBJDIR ".libs/"
| /* end confdefs.h.  */
| #include <ac_nonexistent.h>
configure:14794: result: g++ -E
configure:14814: g++ -E  conftest.cpp
configure:14814: $? = 0
configure:14828: g++ -E  conftest.cpp
conftest.cpp:21:10: fatal error: ac_nonexistent.h: No such file or directory
   21 | #include <ac_nonexistent.h>
      |          ^~~~~~~~~~~~~~~~~~
compilation terminated.
configure:14828: $? = 1
configure: failed program was:
| /* confdefs.h */
| #define PACKAGE_NAME "HarfBuzz"
| #define PACKAGE_TARNAME "harfbuzz"
| #define PACKAGE_VERSION "2.6.7"
| #define PACKAGE_STRING "HarfBuzz 2.6.7"
| #define PACKAGE_BUGREPORT "https://github.com/harfbuzz/harfbuzz/issues/new"
| #define PACKAGE_URL "http://harfbuzz.org/"
| #define STDC_HEADERS 1
| #define HAVE_SYS_TYPES_H 1
| #define HAVE_SYS_STAT_H 1
| #define HAVE_STDLIB_H 1
| #define HAVE_STRING_H 1
| #define HAVE_MEMORY_H 1
| #define HAVE_STRINGS_H 1
| #define HAVE_INTTYPES_H 1
| #define HAVE_STDINT_H 1
| #define HAVE_UNISTD_H 1
| #define HAVE_DLFCN_H 1
| #define LT_OBJDIR ".libs/"
| /* end confdefs.h.  */
| #include <ac_nonexistent.h>
configure:14990: checking for ld used by g++
configure:15057: result: /usr/bin/ld -m elf_x86_64
configure:15064: checking if the linker (/usr/bin/ld -m elf_x86_64) is GNU ld
configure:15079: result: yes
configure:15134: checking whether the g++ linker (/usr/bin/ld -m elf_x86_64) supports shared libraries
configure:16208: result: yes
configure:16244: g++ -c -g -O2  conftest.cpp >&5
configure:16247: $? = 0
configure:16728: checking for g++ option to produce PIC
configure:16735: result: -fPIC -DPIC
configure:16743: checking if g++ PIC flag -fPIC -DPIC works
configure:16761: g++ -c -g -O2  -fPIC -DPIC -DPIC conftest.cpp >&5
configure:16765: $? = 0
configure:16778: result: yes
configure:16801: checking if g++ static flag -static works
configure:16829: result: yes
configure:16841: checking if g++ supports -c -o file.o
configure:16862: g++ -c -g -O2  -o out/conftest2.o conftest.cpp >&5
configure:16866: $? = 0
configure:16888: result: yes
configure:16893: checking if g++ supports -c -o file.o
configure:16940: result: yes
configure:16970: checking whether the g++ linker (/usr/bin/ld -m elf_x86_64) supports shared libraries
configure:17010: result: yes
configure:17151: checking dynamic linker characteristics
configure:17896: result: GNU/Linux ld.so
configure:17961: checking how to hardcode library paths into programs
configure:17986: result: immediate
configure:18033: checking whether g++ supports C++11 features by default
configure:18327: g++ -c -g -O2  conftest.cpp >&5
configure:18327: $? = 0
configure:18334: result: yes
configure:19018: checking for special C compiler options needed for large files
configure:19063: result: no
configure:19069: checking for _FILE_OFFSET_BITS value needed for large files
configure:19094: gcc -c -g -O2  conftest.c >&5
configure:19094: $? = 0
configure:19126: result: no
configure:19265: checking for pkg-config
configure:19283: found /usr/bin/pkg-config
configure:19295: result: /usr/bin/pkg-config
configure:19320: checking pkg-config is at least version 0.20
configure:19323: result: yes
configure:19384: checking for gtk-doc
configure:19387: $PKG_CONFIG --exists --print-errors "$gtk_doc_requires"
Package gtk-doc was not found in the pkg-config search path.
Perhaps you should add the directory containing `gtk-doc.pc'
to the PKG_CONFIG_PATH environment variable
Package 'gtk-doc', required by 'virtual:world', not found
configure:19390: $? = 1
configure:19396: result: no
configure:19402: WARNING:
  You will not be able to create source packages with 'make dist'
  because gtk-doc >= 1.15 is not found.
configure:19410: checking for gtkdoc-check
configure:19440: result: no
configure:19447: checking for gtkdoc-check
configure:19480: result: no
configure:19489: checking for gtkdoc-rebase
configure:19522: result: no
configure:19533: checking for gtkdoc-mkpdf
configure:19566: result: no
configure:19591: checking whether to build gtk-doc documentation
configure:19593: result: no
configure:19606: checking for GTKDOC_DEPS
configure:19613: $PKG_CONFIG --exists --print-errors "glib-2.0 >= 2.10.0 gobject-2.0  >= 2.10.0"
configure:19616: $? = 0
configure:19630: $PKG_CONFIG --exists --print-errors "glib-2.0 >= 2.10.0 gobject-2.0  >= 2.10.0"
configure:19633: $? = 0
configure:19671: result: yes
configure:19759: checking for atexit
configure:19759: gcc -o conftest -g -O2   conftest.c  >&5
configure:19759: $? = 0
configure:19759: result: yes
configure:19759: checking for mprotect
configure:19759: gcc -o conftest -g -O2   conftest.c  >&5
configure:19759: $? = 0
configure:19759: result: yes
configure:19759: checking for sysconf
configure:19759: gcc -o conftest -g -O2   conftest.c  >&5
configure:19759: $? = 0
configure:19759: result: yes
configure:19759: checking for getpagesize
configure:19759: gcc -o conftest -g -O2   conftest.c  >&5
configure:19759: $? = 0
configure:19759: result: yes
configure:19759: checking for mmap
configure:19759: gcc -o conftest -g -O2   conftest.c  >&5
configure:19759: $? = 0
configure:19759: result: yes
configure:19759: checking for isatty
configure:19759: gcc -o conftest -g -O2   conftest.c  >&5
configure:19759: $? = 0
configure:19759: result: yes
configure:19759: checking for roundf
configure:19759: gcc -o conftest -g -O2   conftest.c  >&5
conftest.c:51:6: warning: conflicting types for built-in function 'roundf'; expected 'float(float)' [-Wbuiltin-declaration-mismatch]
   51 | char roundf ();
      |      ^~~~~~
conftest.c:39:1: note: 'roundf' is declared in header '<math.h>'
   38 | # include <limits.h>
   39 | #else
/usr/bin/ld: /tmp/ccrNFfMC.o: in function `main':
/home/user/Adafruit-GFX-Library/fontconvert/cmake-build-pinned/freetype-hb/ep/Build/harfbuzz/conftest.c:62:(.text.startup+0xb): undefined reference to `roundf'
collect2: error: ld returned 1 exit status
configure:19759: $? = 1
configure: failed program was:
| /* confdefs.h */
| #define PACKAGE_NAME "HarfBuzz"
| #define PACKAGE_TARNAME "harfbuzz"
| #define PACKAGE_VERSION "2.6.7"
| #define PACKAGE_STRING "HarfBuzz 2.6.7"
| #define PACKAGE_BUGREPORT "https://github.com/harfbuzz/harfbuzz/issues/new"
| #define PACKAGE_URL "http://harfbuzz.org/"
| #define STDC_HEADERS 1
| #define HAVE_SYS_TYPES_H 1
| #define HAVE_SYS_STAT_H 1
| #define HAVE_STDLIB_H 1
| #define HAVE_STRING_H 1
| #define HAVE_MEMORY_H 1
| #define HAVE_STRINGS_H 1
| #define HAVE_INTTYPES_H 1
| #define HAVE_STDINT_H 1
| #define HAVE_UNISTD_H 1
| #define HAVE_DLFCN_H 1
| #define LT_OBJDIR ".libs/"
| #define HAVE_CXX11 1
| #define HAVE_ATEXIT 1
| #define HAVE_MPROTECT 1
| #define HAVE_SYSCONF 1
| #define HAVE_GETPAGESIZE 1
| #define HAVE_MMAP 1
| #define HAVE_ISATTY 1
| /* end confdefs.h.  */
| /* Define roundf to an innocuous variant, in case <limits.h> declares roundf.
|    For example, HP-UX 11i <limits.h> declares gettimeofday.  */
| #define roundf innocuous_roundf
| 
| /* System header to define __stub macros and hopefully few prototypes,
|     which can conflict with char roundf (); below.
|     Prefer <limits.h> to <assert.h> if __STDC__ is defined, since
|     <limits.h> exists even on freestanding compilers.  */
| 
| #ifdef __STDC__
| # include <limits.h>
| #else
| # include <assert.h>
| #endif
| 
| #undef roundf
| 
| /* Override any GCC internal prototype to avoid an error.
|    Use char because int might match the return type of a GCC
|    builtin and then its argument prototype would still apply.  */
| #ifdef __cplusplus
| extern "C"
| #endif
| char roundf ();
| /* The GNU C library defines this for functions which it implements
|     to always fail with ENOSYS.  Some functions are actually named
|     something starting with __ and the normal name is an alias.  */
| #if defined __stub_roundf || defined __stub___roundf
| choke me
| #endif
| 
| int
| main ()
| {
| return roundf ();
|   ;
|   return 0;
| }
configure:19759: result: no
configure:19771: checking for unistd.h
configure:19771: result: yes
configure:19771: checking sys/mman.h usability
configure:19771: gcc -c -g -O2  conftest.c >&5
configure:19771: $? = 0
configure:19771: result: yes
configure:19771: checking sys/mman.h presence
configure:19771: gcc -E  conftest.c
configure:19771: $? = 0
configure:19771: result: yes
configure:19771: checking for sys/mman.h
configure:19771: result: yes
configure:19771: checking stdbool.h usability
configure:19771: gcc -c -g -O2  conftest.c >&5
configure:19771: $? = 0
configure:19771: result: yes
configure:19771: checking stdbool.h presence
configure:19771: gcc -E  conftest.c
configure:19771: $? = 0
configure:19771: result: yes
configure:19771: checking for stdbool.h
configure:19771: result: yes
configure:19786: checking alignment of struct{char;}
configure:19791: gcc -o conftest -g -O2   conftest.c  >&5
conftest.c:67:37: warning: declaration does not declare anything
   67 | typedef struct { char x; struct{char;} y; } ac__type_alignof_;
      |                                     ^
configure:19791: $? = 0
configure:19791: ./conftest
configure:19791: $? = 0
configure:19809: result: 1
configure:19822: checking whether the linker accepts -Bsymbolic-functions
configure:19841: gcc -o conftest -g -O2    -Bsymbolic-functions conftest.c  >&5
configure:19841: $? = 0
configure:19850: result: yes
configure:19896: checking for native Win32
configure:19903: result: no
configure:20098: checking whether gcc is Clang
configure:20123: result: no
configure:20246: checking whether pthreads work with -pthread
configure:20340: gcc -o conftest -g -O2 -pthread   -Bsymbolic-functions conftest.c   >&5
configure:20340: $? = 0
configure:20349: result: yes
configure:20368: checking for joinable pthread attribute
configure:20386: gcc -o conftest -g -O2 -pthread   -Bsymbolic-functions conftest.c   >&5
configure:20386: $? = 0
configure:20394: result: PTHREAD_CREATE_JOINABLE
configure:20408: checking whether more special flags are required for pthreads
configure:20421: result: no
configure:20429: checking for PTHREAD_PRIO_INHERIT
configure:20445: gcc -o conftest -g -O2 -pthread   -Bsymbolic-functions conftest.c   >&5
configure:20445: $? = 0
configure:20454: result: yes
configure:20583: checking for GLIB
configure:20590: $PKG_CONFIG --exists --print-errors "$GLIB_DEPS"
configure:20593: $? = 0
configure:20607: $PKG_CONFIG --exists --print-errors "$GLIB_DEPS"
configure:20610: $? = 0
configure:20648: result: yes
configure:20958: checking for CAIRO
configure:20965: $PKG_CONFIG --exists --print-errors "cairo >= 1.8.0"
configure:20968: $? = 0
configure:20982: $PKG_CONFIG --exists --print-errors "cairo >= 1.8.0"
configure:20985: $? = 0
configure:21023: result: yes
configure:21049: checking for CAIRO_FT
configure:21056: $PKG_CONFIG --exists --print-errors "cairo-ft"
configure:21059: $? = 0
configure:21073: $PKG_CONFIG --exists --print-errors "cairo-ft"
configure:21076: $? = 0
configure:21114: result: yes
configure:21146: checking for FONTCONFIG
configure:21153: $PKG_CONFIG --exists --print-errors "fontconfig"
configure:21156: $? = 0
configure:21170: $PKG_CONFIG --exists --print-errors "fontconfig"
configure:21173: $? = 0
configure:21211: result: yes
configure:21246: checking for ICU
configure:21253: $PKG_CONFIG --exists --print-errors "icu-uc"
configure:21256: $? = 0
configure:21270: $PKG_CONFIG --exists --print-errors "icu-uc"
configure:21273: $? = 0
configure:21311: result: yes
configure:21595: checking for FREETYPE
configure:21660: result: yes
configure:21677: checking for FT_Get_Var_Blend_Coordinates
configure:21677: gcc -o conftest -g -O2   -Bsymbolic-functions conftest.c  "/home/user/Adafruit-GFX-Library/fontconvert/cmake-build-pinned/freetype-hb/ep/Install/freetype_without_harfbuzz/lib/libfreetype.a" >&5
/usr/bin/ld: cannot find "/home/user/Adafruit-GFX-Library/fontconvert/cmake-build-pinned/freetype-hb/ep/Install/freetype_without_harfbuzz/lib/libfreetype.a": No such file or directory
collect2: error: ld returned 1 exit status
configure:21677: $? = 1
configure: failed program was:
| /* confdefs.h */
| #define PACKAGE_NAME "HarfBuzz"
| #define PACKAGE_TARNAME "harfbuzz"
| #define PACKAGE_VERSION "2.6.7"
| #define PACKAGE_STRING "HarfBuzz 2.6.7"
| #define PACKAGE_BUGREPORT "https://github.com/harfbuzz/harfbuzz/issues/new"
| #define PACKAGE_URL "http://harfbuzz.org/"
| #define STDC_HEADERS 1
| #define HAVE_SYS_TYPES_H 1
| #define HAVE_SYS_STAT_H 1
| #define HAVE_STDLIB_H 1
| #define HAVE_STRING_H 1
| #define HAVE_MEMORY_H 1
| #define HAVE_STRINGS_H 1
| #define HAVE_INTTYPES_H 1
| #define HAVE_STDINT_H 1
| #define HAVE_UNISTD_H 1
| #define HAVE_DLFCN_H 1
| #define LT_OBJDIR ".libs/"
| #define HAVE_CXX11 1
| #define HAVE_ATEXIT 1
| #define HAVE_MPROTECT 1
| #define HAVE_SYSCONF 1
| #define HAVE_GETPAGESIZE 1
| #define HAVE_MMAP 1
| #define HAVE_ISATTY 1
| #define HAVE_UNISTD_H 1
| #define HAVE_SYS_MMAN_H 1
| #define HAVE_STDBOOL_H 1
| #define ALIGNOF_STRUCT_CHAR__ 1
| #define HAVE_PTHREAD_PRIO_INHERIT 1
| #define HAVE_PTHREAD 1
| #define HAVE_GLIB 1
| #define HAVE_CAIRO 1
| #define HAVE_CAIRO_FT 1
| #define HAVE_FONTCONFIG 1
| #define HAVE_ICU 1
| #define HAVE_FREETYPE 1
| /* end confdefs.h.  */
| /* Define FT_Get_Var_Blend_Coordinates to an innocuous variant, in case <limits.h> declares FT_Get_Var_Blend_Coordinates.
|    For example, HP-UX 11i <limits.h> declares gettimeofday.  */
| #define FT_Get_Var_Blend_Coordinates innocuous_FT_Get_Var_Blend_Coordinates
| 
| /* System header to define __stub macros and hopefully few prototypes,
|     which can conflict with char FT_Get_Var_Blend_Coordinates (); below.
|     Prefer <limits.h> to <assert.h> if __STDC__ is defined, since
|     <limits.h> exists even on freestanding compilers.  */
| 
| #ifdef __STDC__
| # include <limits.h>
| #else
| # include <assert.h>
| #endif
| 
| #undef FT_Get_Var_Blend_Coordinates
| 
| /* Override any GCC internal prototype to avoid an error.
|    Use char because int might match the return type of a GCC
|    builtin and then its argument prototype would still apply.  */
| #ifdef __cplusplus
| extern "C"
| #endif
| char FT_Get_Var_Blend_Coordinates ();
| /* The GNU C library defines this for functions which it implements
|     to always fail with ENOSYS.  Some functions are actually named
|     something starting with __ and the normal name is an alias.  */
| #if defined __stub_FT_Get_Var_Blend_Coordinates || defined __stub___FT_Get_Var_Blend_Coordinates
| choke me
| #endif
| 
| int
| main ()
| {
| return FT_Get_Var_Blend_Coordinates ();
|   ;
|   return 0;
| }
configure:21677: result: no
configure:21677: checking for FT_Set_Var_Blend_Coordinates
configure:21677: gcc -o conftest -g -O2   -Bsymbolic-functions conftest.c  "/home/user/Adafruit-GFX-Library/fontconvert/cmake-build-pinned/freetype-hb/ep/Install/freetype_without_harfbuzz/lib/libfreetype.a" >&5
/usr/bin/ld: cannot find "/home/user/Adafruit-GFX-Library/fontconvert/cmake-build-pinned/freetype-hb/ep/Install/freetype_without_harfbuzz/lib/libfreetype.a": No such file or directory
collect2: error: ld returned 1 exit status
configure:21677: $? = 1
configure: failed program was:
| /* confdefs.h */
| #define PACKAGE_NAME "HarfBuzz"
| #define PACKAGE_TARNAME "harfbuzz"
| #define PACKAGE_VERSION "2.6.7"
| #define PACKAGE_STRING "HarfBuzz 2.6.7"
| #define PACKAGE_BUGREPORT "https://github.com/harfbuzz/harfbuzz/issues/new"
| #define PACKAGE_URL "http://harfbuzz.org/"
| #define STDC_HEADERS 1
| #define HAVE_SYS_TYPES_H 1
| #define HAVE_SYS_STAT_H 1
| #define HAVE_STDLIB_H 1
| #define HAVE_STRING_H 1
| #define HAVE_MEMORY_H 1
| #define HAVE_STRINGS_H 1
| #define HAVE_INTTYPES_H 1
| #define HAVE_STDINT_H 1
| #define HAVE_UNISTD_H 1
| #define HAVE_DLFCN_H 1
| #define LT_OBJDIR ".libs/"
| #define HAVE_CXX11 1
| #define HAVE_ATEXIT 1
| #define HAVE_MPROTECT 1
| #define HAVE_SYSCONF 1
| #define HAVE_GETPAGESIZE 1
| #define HAVE_MMAP 1
| #define HAVE_ISATTY 1
| #define HAVE_UNISTD_H 1
| #define HAVE_SYS_MMAN_H 1
| #define HAVE_STDBOOL_H 1
| #define ALIGNOF_STRUCT_CHAR__ 1
| #define HAVE_PTHREAD_PRIO_INHERIT 1
| #define HAVE_PTHREAD 1
| #define HAVE_GLIB 1
| #define HAVE_CAIRO 1
| #define HAVE_CAIRO_FT 1
| #define HAVE_FONTCONFIG 1
| #define HAVE_ICU 1
| #define HAVE_FREETYPE 1
| /* end confdefs.h.  */
| /* Define FT_Set_Var_Blend_Coordinates to an innocuous variant, in case <limits.h> declares FT_Set_Var_Blend_Coordinates.
|    For example, HP-UX 11i <limits.h> declares gettimeofday.  */
| #define FT_Set_Var_Blend_Coordinates innocuous_FT_Set_Var_Blend_Coordinates
| 
| /* System header to define __stub macros and hopefully few prototypes,
|     which can conflict with char FT_Set_Var_Blend_Coordinates (); below.
|     Prefer <limits.h> to <assert.h> if __STDC__ is defined, since
|     <limits.h> exists even on freestanding compilers.  */
| 
| #ifdef __STDC__
| # include <limits.h>
| #else
| # include <assert.h>
| #endif
| 
| #undef FT_Set_Var_Blend_Coordinates
| 
| /* Override any GCC internal prototype to avoid an error.
|    Use char because int might match the return type of a GCC
|    builtin and then its argument prototype would still apply.  */
| #ifdef __cplusplus
| extern "C"
| #endif
| char FT_Set_Var_Blend_Coordinates ();
| /* The GNU C library defines this for functions which it implements
|     to always fail with ENOSYS.  Some functions are actually named
|     something starting with __ and the normal name is an alias.  */
| #if defined __stub_FT_Set_Var_Blend_Coordinates || defined __stub___FT_Set_Var_Blend_Coordinates
| choke me
| #endif
| 
| int
| main ()
| {
| return FT_Set_Var_Blend_Coordinates ();
|   ;
|   return 0;
| }
configure:21677: result: no
configure:21677: checking for FT_Done_MM_Var
configure:21677: gcc -o conftest -g -O2   -Bsymbolic-functions conftest.c  "/home/user/Adafruit-GFX-Library/fontconvert/cmake-build-pinned/freetype-hb/ep/Install/freetype_without_harfbuzz/lib/libfreetype.a" >&5
/usr/bin/ld: cannot find "/home/user/Adafruit-GFX-Library/fontconvert/cmake-build-pinned/freetype-hb/ep/Install/freetype_without_harfbuzz/lib/libfreetype.a": No such file or directory
collect2: error: ld returned 1 exit status
configure:21677: $? = 1
configure: failed program was:
| /* confdefs.h */
| #define PACKAGE_NAME "HarfBuzz"
| #define PACKAGE_TARNAME "harfbuzz"
| #define PACKAGE_VERSION "2.6.7"
| #define PACKAGE_STRING "HarfBuzz 2.6.7"
| #define PACKAGE_BUGREPORT "https://github.com/harfbuzz/harfbuzz/issues/new"
| #define PACKAGE_URL "http://harfbuzz.org/"
| #define STDC_HEADERS 1
| #define HAVE_SYS_TYPES_H 1
| #define HAVE_SYS_STAT_H 1
| #define HAVE_STDLIB_H 1
| #define HAVE_STRING_H 1
| #define HAVE_MEMORY_H 1
| #define HAVE_STRINGS_H 1
| #define HAVE_INTTYPES_H 1
| #define HAVE_STDINT_H 1
| #define HAVE_UNISTD_H 1
| #define HAVE_DLFCN_H 1
| #define LT_OBJDIR ".libs/"
| #define HAVE_CXX11 1
| #define HAVE_ATEXIT 1
| #define HAVE_MPROTECT 1
| #define HAVE_SYSCONF 1
| #define HAVE_GETPAGESIZE 1
| #define HAVE_MMAP 1
| #define HAVE_ISATTY 1
| #define HAVE_UNISTD_H 1
| #define HAVE_SYS_MMAN_H 1
| #define HAVE_STDBOOL_H 1
| #define ALIGNOF_STRUCT_CHAR__ 1
| #define HAVE_PTHREAD_PRIO_INHERIT 1
| #define HAVE_PTHREAD 1
| #define HAVE_GLIB 1
| #define HAVE_CAIRO 1
| #define HAVE_CAIRO_FT 1
| #define HAVE_FONTCONFIG 1
| #define HAVE_ICU 1
| #define HAVE_FREETYPE 1
| /* end confdefs.h.  */
| /* Define FT_Done_MM_Var to an innocuous variant, in case <limits.h> declares FT_Done_MM_Var.
|    For example, HP-UX 11i <limits.h> declares gettimeofday.  */
| #define FT_Done_MM_Var innocuous_FT_Done_MM_Var
| 
| /* System header to define __stub macros and hopefully few prototypes,
|     which can conflict with char FT_Done_MM_Var (); below.
|     Prefer <limits.h> to <assert.h> if __STDC__ is defined, since
|     <limits.h> exists even on freestanding compilers.  */
| 
| #ifdef __STDC__
| # include <limits.h>
| #else
| # include <assert.h>
| #endif
| 
| #undef FT_Done_MM_Var
| 
| /* Override any GCC internal prototype to avoid an error.
|    Use char because int might match the return type of a GCC
|    builtin and then its argument prototype would still apply.  */
| #ifdef __cplusplus
| extern "C"
| #endif
| char FT_Done_MM_Var ();
| /* The GNU C library defines this for functions which it implements
|     to always fail with ENOSYS.  Some functions are actually named
|     something starting with __ and the normal name is an alias.  */
| #if defined __stub_FT_Done_MM_Var || defined __stub___FT_Done_MM_Var
| choke me
| #endif
| 
| int
| main ()
| {
| return FT_Done_MM_Var ();
|   ;
|   return 0;
| }
configure:21677: result: no
configure:21907: checking for Intel atomic primitives
configure:21930: gcc -o conftest -g -O2   -Bsymbolic-functions conftest.c  >&5
configure:21930: $? = 0
configure:21938: result: true
configure:21947: checking for Solaris atomic operations
configure:21972: gcc -o conftest -g -O2   -Bsymbolic-functions conftest.c  >&5
conftest.c:42:26: fatal error: atomic.h: No such file or directory
   42 |                 #include <atomic.h>
      |                          ^~~~~~~~~~
compilation terminated.
configure:21972: $? = 1
configure: failed program was:
| /* confdefs.h */
| #define PACKAGE_NAME "HarfBuzz"
| #define PACKAGE_TARNAME "harfbuzz"
| #define PACKAGE_VERSION "2.6.7"
| #define PACKAGE_STRING "HarfBuzz 2.6.7"
| #define PACKAGE_BUGREPORT "https://github.com/harfbuzz/harfbuzz/issues/new"
| #define PACKAGE_URL "http://harfbuzz.org/"
| #define STDC_HEADERS 1
| #define HAVE_SYS_TYPES_H 1
| #define HAVE_SYS_STAT_H 1
| #define HAVE_STDLIB_H 1
| #define HAVE_STRING_H 1
| #define HAVE_MEMORY_H 1
| #define HAVE_STRINGS_H 1
| #define HAVE_INTTYPES_H 1
| #define HAVE_STDINT_H 1
| #define HAVE_UNISTD_H 1
| #define HAVE_DLFCN_H 1
| #define LT_OBJDIR ".libs/"
| #define HAVE_CXX11 1
| #define HAVE_ATEXIT 1
| #define HAVE_MPROTECT 1
| #define HAVE_SYSCONF 1
| #define HAVE_GETPAGESIZE 1
| #define HAVE_MMAP 1
| #define HAVE_ISATTY 1
| #define HAVE_UNISTD_H 1
| #define HAVE_SYS_MMAN_H 1
| #define HAVE_STDBOOL_H 1
| #define ALIGNOF_STRUCT_CHAR__ 1
| #define HAVE_PTHREAD_PRIO_INHERIT 1
| #define HAVE_PTHREAD 1
| #define HAVE_GLIB 1
| #define HAVE_CAIRO 1
| #define HAVE_CAIRO_FT 1
| #define HAVE_FONTCONFIG 1
| #define HAVE_ICU 1
| #define HAVE_FREETYPE 1
| #define HAVE_INTEL_ATOMIC_PRIMITIVES 1
| /* end confdefs.h.  */
| 
| 		#include <atomic.h>
| 		/* This requires Solaris Studio 12.2 or newer: */
| 		#include <mbarrier.h>
| 		void memory_barrier (void) { __machine_rw_barrier (); }
| 		int atomic_add (volatile unsigned *i) { return atomic_add_int_nv (i, 1); }
| 		void *atomic_ptr_cmpxchg (volatile void **target, void *cmp, void *newval) { return atomic_cas_ptr (target, cmp, newval); }
| 
| int
| main ()
| {
| 
|   ;
|   return 0;
| }
configure:21980: result: false
configure:22166: checking that generated files are newer than configure
configure:22172: result: done
configure:22307: creating ./config.status

## ---------------------- ##
## Running config.status. ##
## ---------------------- ##

This file was extended by HarfBuzz config.status 2.6.7, which was
generated by GNU Autoconf 2.69.  Invocation command line was

  CONFIG_FILES    = 
  CONFIG_HEADERS  = 
  CONFIG_LINKS    = 
  CONFIG_COMMANDS = 
  $ ./config.status 

on vm

config.status:1401: creating Makefile
config.status:1401: creating src/Makefile
config.status:1401: creating src/harfbuzz-config.cmake
config.status:1401: creating util/Makefile
config.status:1401: creating test/Makefile
config.status:1401: creating test/api/Makefile
config.status:1401: creating test/fuzzing/Makefile
config.status:1401: creating test/shaping/Makefile
config.status:1401: creating test/shaping/data/Makefile
config.status:1401: creating test/shaping/data/aots/Makefile
config.status:1401: creating test/shaping/data/in-house/Makefile
config.status:1401: creating test/shaping/data/text-rendering-tests/Makefile
config.status:1401: creating test/subset/Makefile
config.status:1401: creating test/subset/data/Makefile
config.status:1401: creating docs/Makefile
config.status:1401: creating docs/version.xml
config.status:1401: creating config.h
config.status:1615: executing depfiles commands
config.status:1692: cd src       && sed -e '/# am--include-marker/d' Makefile         | make -f - am--depfiles
make[3]: Entering directory '/home/user/Adafruit-GFX-Library/fontconvert/cmake-build-pinned/freetype-hb/ep/Build/harfbuzz/src'
make[3]: Leaving directory '/home/user/Adafruit-GFX-Library/fontconvert/cmake-build-pinned/freetype-hb/ep/Build/harfbuzz/src'
config.status:1697: $? = 0
config.status:1692: cd util       && sed -e '/# am--include-marker/d' Makefile         | make -f - am--depfiles
make[3]: Entering directory '/home/user/Adafruit-GFX-Library/fontconvert/cmake-build-pinned/freetype-hb/ep/Build/harfbuzz/util'
make[3]: Leaving directory '/home/user/Adafruit-GFX-Library/fontconvert/cmake-build-pinned/freetype-hb/ep/Build/harfbuzz/util'
config.status:1697: $? = 0
config.status:1692: cd test/api       && sed -e '/# am--include-marker/d' Makefile         | make -f - am--depfiles
make[3]: Entering directory '/home/user/Adafruit-GFX-Library/fontconvert/cmake-build-pinned/freetype-hb/ep/Build/harfbuzz/test/api'
make[3]: Leaving directory '/home/user/Adafruit-GFX-Library/fontconvert/cmake-build-pinned/freetype-hb/ep/Build/harfbuzz/test/api'
config.status:1697: $? = 0
config.status:1692: cd test/fuzzing       && sed -e '/# am--include-marker/d' Makefile         | make -f - am--depfiles
make[3]: Entering directory '/home/user/Adafruit-GFX-Library/fontconvert/cmake-build-pinned/freetype-hb/ep/Build/harfbuzz/test/fuzzing'
make[3]: Leaving directory '/home/user/Adafruit-GFX-Library/fontconvert/cmake-build-pinned/freetype-hb/ep/Build/harfbuzz/test/fuzzing'
config.status:1697: $? = 0
config.status:1615: executing libtool commands
configure:24771:

Build configuration:

Unicode callbacks (you want at least one):
	Builtin			true
	Glib:			true
	ICU:			true

Font callbacks (the more the merrier):
	FreeType:		true

Tools used for command-line utilities:
	Cairo:			true
	Fontconfig:		true

Additional shapers (the more the merrier):
	Graphite2:		false

Platform shapers (not normally needed):
	CoreText:		false
	DirectWrite:		false
	GDI:			false
	Uniscribe:		false

Other features:
	Documentation:		no
	GObject bindings:	false
	Introspection:		false


## ---------------- ##
## Cache variables. ##
## ---------------- ##

ac_cv_alignof_struct_char__=1
ac_cv_build=x86_64-pc-linux-gnu
ac_cv_c_compiler_gnu=yes
ac_cv_cxx_compiler_gnu=yes
ac_cv_env_CAIRO_CFLAGS_set=
ac_cv_env_CAIRO_CFLAGS_value=
ac_cv_env_CAIRO_FT_CFLAGS_set=
ac_cv_env_CAIRO_FT_CFLAGS_value=
ac_cv_env_CAIRO_FT_LIBS_set=
ac_cv_env_CAIRO_FT_LIBS_value=
ac_cv_env_CAIRO_LIBS_set=
ac_cv_env_CAIRO_LIBS_value=
ac_cv_env_CCC_set=
ac_cv_env_CCC_value=
ac_cv_env_CC_set=
ac_cv_env_CC_value=
ac_cv_env_CFLAGS_set=
ac_cv_env_CFLAGS_value=
ac_cv_env_CPPFLAGS_set=
ac_cv_env_CPPFLAGS_value=
ac_cv_env_CPP_set=
ac_cv_env_CPP_value=
ac_cv_env_CXXCPP_set=
ac_cv_env_CXXCPP_value=
ac_cv_env_CXXFLAGS_set=
ac_cv_env_CXXFLAGS_value=
ac_cv_env_CXX_set=
ac_cv_env_CXX_value=
ac_cv_env_FONTCONFIG_CFLAGS_set=
ac_cv_env_FONTCONFIG_CFLAGS_value=
ac_cv_env_FONTCONFIG_LIBS_set=
ac_cv_env_FONTCONFIG_LIBS_value=
ac_cv_env_FREETYPE_CFLAGS_set=set
ac_cv_env_FREETYPE_CFLAGS_value='"-I/home/user/Adafruit-GFX-Library/fontconvert/cmake-build-pinned/freetype-hb/ep/Install/freetype_without_harfbuzz/include/freetype2/"'
ac_cv_env_FREETYPE_LIBS_set=set
ac_cv_env_FREETYPE_LIBS_value='"/home/user/Adafruit-GFX-Library/fontconvert/cmake-build-pinned/freetype-hb/ep/Install/freetype_without_harfbuzz/lib/libfreetype.a"'
ac_cv_env_GLIB_CFLAGS_set=
ac_cv_env_GLIB_CFLAGS_value=
ac_cv_env_GLIB_LIBS_set=
ac_cv_env_GLIB_LIBS_value=
ac_cv_env_GOBJECT_CFLAGS_set=
ac_cv_env_GOBJECT_CFLAGS_value=
ac_cv_env_GOBJECT_LIBS_set=
ac_cv_env_GOBJECT_LIBS_value=
ac_cv_env_GRAPHITE2_CFLAGS_set=
ac_cv_env_GRAPHITE2_CFLAGS_value=
ac_cv_env_GRAPHITE2_LIBS_set=
ac_cv_env_GRAPHITE2_LIBS_value=
ac_cv_env_GTKDOC_DEPS_CFLAGS_set=
ac_cv_env_GTKDOC_DEPS_CFLAGS_value=
ac_cv_env_GTKDOC_DEPS_LIBS_set=
ac_cv_env_GTKDOC_DEPS_LIBS_value=
ac_cv_env_ICU_CFLAGS_set=
ac_cv_env_ICU_CFLAGS_value=
ac_cv_env_ICU_LIBS_set=
ac_cv_env_ICU_LIBS_value=
ac_cv_env_LDFLAGS_set=
ac_cv_env_LDFLAGS_value=
ac_cv_env_LIBS_set=
ac_cv_env_LIBS_value=
ac_cv_env_LT_SYS_LIBRARY_PATH_set=
ac_cv_env_LT_SYS_LIBRARY_PATH_value=
ac_cv_env_PKG_CONFIG_LIBDIR_set=
ac_cv_env_PKG_CONFIG_LIBDIR_value=
ac_cv_env_PKG_CONFIG_PATH_set=
ac_cv_env_PKG_CONFIG_PATH_value=
ac_cv_env_PKG_CONFIG_set=
ac_cv_env_PKG_CONFIG_value=
ac_cv_env_build_alias_set=
ac_cv_env_build_alias_value=
ac_cv_env_host_alias_set=
ac_cv_env_host_alias_value=
ac_cv_env_target_alias_set=
ac_cv_env_target_alias_value=
ac_cv_func_FT_Done_MM_Var=no
ac_cv_func_FT_Get_Var_Blend_Coordinates=no
ac_cv_func_FT_Set_Var_Blend_Coordinates=no
ac_cv_func_atexit=yes
ac_cv_func_getpagesize=yes
ac_cv_func_isatty=yes
ac_cv_func_mmap=yes
ac_cv_func_mprotect=yes
ac_cv_func_roundf=no
ac_cv_func_sysconf=yes
ac_cv_header_dlfcn_h=yes
ac_cv_header_inttypes_h=yes
ac_cv_header_memory_h=yes
ac_cv_header_stdbool_h=yes
ac_cv_header_stdc=yes
ac_cv_header_stdint_h=yes
ac_cv_header_stdlib_h=yes
ac_cv_header_string_h=yes
ac_cv_header_strings_h=yes
ac_cv_header_sys_mman_h=yes
ac_cv_header_sys_stat_h=yes
ac_cv_header_sys_types_h=yes
ac_cv_header_unistd_h=yes
ac_cv_host=x86_64-pc-linux-gnu
ac_cv_objext=o
ac_cv_path_EGREP='/usr/bin/grep -E'
ac_cv_path_FGREP='/usr/bin/grep -F'
ac_cv_path_GREP=/usr/bin/grep
ac_cv_path_SED=/usr/bin/sed
ac_cv_path_ac_pt_PKG_CONFIG=/usr/bin/pkg-config
ac_cv_path_install='/usr/bin/install -c'
ac_cv_path_lt_DD=/usr/bin/dd
ac_cv_path_mkdir=/usr/bin/mkdir
ac_cv_prog_AWK=mawk
ac_cv_prog_CPP='gcc -E'
ac_cv_prog_CXXCPP='g++ -E'
ac_cv_prog_ac_ct_AR=ar
ac_cv_prog_ac_ct_CC=gcc
ac_cv_prog_ac_ct_CXX=g++
ac_cv_prog_ac_ct_OBJDUMP=objdump
ac_cv_prog_ac_ct_RANLIB=ranlib
ac_cv_prog_ac_ct_STRIP=strip
ac_cv_prog_cc_c89=
ac_cv_prog_cc_c99=
ac_cv_prog_cc_g=yes
ac_cv_prog_cxx_g=yes
ac_cv_prog_make_make_set=yes
ac_cv_sys_file_offset_bits=no
ac_cv_sys_largefile_CC=no
am_cv_CC_dependencies_compiler_type=gcc3
am_cv_CXX_dependencies_compiler_type=gcc3
am_cv_ar_interface=ar
am_cv_make_support_nested_variables=yes
am_cv_prog_cc_c_o=yes
am_cv_prog_tar_ustar=gnutar
ax_cv_PTHREAD_CLANG=no
ax_cv_PTHREAD_JOINABLE_ATTR=PTHREAD_CREATE_JOINABLE
ax_cv_PTHREAD_PRIO_INHERIT=yes
ax_cv_PTHREAD_SPECIAL_FLAGS=no
ax_cv_check_ldflags___Bsymbolic_functions=yes
ax_cv_cxx_compile_cxx11=yes
hb_cv_have_intel_atomic_primitives=true
hb_cv_have_solaris_atomic_ops=false
lt_cv_ar_at_file=@
lt_cv_deplibs_check_method=pass_all
lt_cv_file_magic_cmd='$MAGIC_CMD'
lt_cv_file_magic_test_file=
lt_cv_ld_reload_flag=-r
lt_cv_nm_interface='BSD nm'
lt_cv_objdir=.libs
lt_cv_path_LD=/usr/bin/ld
lt_cv_path_LDCXX='/usr/bin/ld -m elf_x86_64'
lt_cv_path_NM='/usr/bin/nm -B'
lt_cv_path_mainfest_tool=no
lt_cv_prog_compiler_c_o=yes
lt_cv_prog_compiler_c_o_CXX=yes
lt_cv_prog_compiler_pic='-fPIC -DPIC'
lt_cv_prog_compiler_pic_CXX='-fPIC -DPIC'
lt_cv_prog_compiler_pic_works=yes
lt_cv_prog_compiler_pic_works_CXX=yes
lt_cv_prog_compiler_rtti_exceptions=no
lt_cv_prog_compiler_static_works=yes
lt_cv_prog_compiler_static_works_CXX=yes
lt_cv_prog_gnu_ld=yes
lt_cv_prog_gnu_ldcxx=yes
lt_cv_sharedlib_from_linklib_cmd='printf %s\n'
lt_cv_shlibpath_overrides_runpath=yes
lt_cv_sys_global_symbol_pipe='sed -n -e '\''s/^.*[	 ]\([ABCDGIRSTW][ABCDGIRSTW]*\)[	 ][	 ]*\([_A-Za-z][_A-Za-z0-9]*\)$/\1 \2 \2/p'\'' | sed '\''/ __gnu_lto/d'\'''
lt_cv_sys_global_symbol_to_c_name_address='sed -n -e '\''s/^: \(.*\) .*$/  {"\1", (void *) 0},/p'\'' -e '\''s/^[ABCDGIRSTW][ABCDGIRSTW]* .* \(.*\)$/  {"\1", (void *) \&\1},/p'\'''
lt_cv_sys_global_symbol_to_c_name_address_lib_prefix='sed -n -e '\''s/^: \(.*\) .*$/  {"\1", (void *) 0},/p'\'' -e '\''s/^[ABCDGIRSTW][ABCDGIRSTW]* .* \(lib.*\)$/  {"\1", (void *) \&\1},/p'\'' -e '\''s/^[ABCDGIRSTW][ABCDGIRSTW]* .* \(.*\)$/  {"lib\1", (void *) \&\1},/p'\'''
lt_cv_sys_global_symbol_to_cdecl='sed -n -e '\''s/^T .* \(.*\)$/extern int \1();/p'\'' -e '\''s/^[ABCDGIRSTW][ABCDGIRSTW]* .* \(.*\)$/extern char \1;/p'\'''
lt_cv_sys_global_symbol_to_import=
lt_cv_sys_max_cmd_len=1572864
lt_cv_to_host_file_cmd=func_convert_file_noop
lt_cv_to_tool_file_cmd=func_convert_file_noop
lt_cv_truncate_bin='/usr/bin/dd bs=4096 count=1'
pkg_cv_CAIRO_CFLAGS='-I/usr/include/cairo -I/usr/include/libpng16 -I/usr/include/freetype2 -I/usr/include/pixman-1 '
pkg_cv_CAIRO_FT_CFLAGS='-I/usr/include/cairo -I/usr/include/libpng16 -I/usr/include/freetype2 -I/usr/include/pixman-1 '
pkg_cv_CAIRO_FT_LIBS='-lcairo -lfreetype '
pkg_cv_CAIRO_LIBS='-lcairo '
pkg_cv_FONTCONFIG_CFLAGS='-I/usr/include/freetype2 -I/usr/include/libpng16 '
pkg_cv_FONTCONFIG_LIBS='-lfontconfig -lfreetype '
pkg_cv_FREETYPE_CFLAGS='"-I/home/user/Adafruit-GFX-Library/fontconvert/cmake-build-pinned/freetype-hb/ep/Install/freetype_without_harfbuzz/include/freetype2/"'
pkg_cv_FREETYPE_LIBS='"/home/user/Adafruit-GFX-Library/fontconvert/cmake-build-pinned/freetype-hb/ep/Install/freetype_without_harfbuzz/lib/libfreetype.a"'
pkg_cv_GLIB_CFLAGS='-I/usr/include/glib-2.0 -I/usr/lib/x86_64-linux-gnu/glib-2.0/include '
pkg_cv_GLIB_LIBS='-lglib-2.0 '
pkg_cv_GTKDOC_DEPS_CFLAGS='-I/usr/include/glib-2.0 -I/usr/lib/x86_64-linux-gnu/glib-2.0/include '
pkg_cv_GTKDOC_DEPS_LIBS='-lgobject-2.0 -lglib-2.0 '
pkg_cv_ICU_CFLAGS=
pkg_cv_ICU_LIBS='-licuuc -licudata '

## ----------------- ##
## Output variables. ##
## ----------------- ##














	@echo "Need to reconfigure with --enable-code-coverage"
	@echo "Need to reconfigure with --enable-code-coverage"
 $(CODE_COVERAGE_IGNORE_PATTERN);
 $(CODE_COVERAGE_OUTPUT_FILE);
#
#
#    $(PACKAGE_NAME)-$(PACKAGE_VERSION)-coverage)
#    $(PACKAGE_NAME)-$(PACKAGE_VERSION)-coverage.info)
#    (Default: $(top_builddir))
#    (Default: empty)
#    Multiple directories may be specified, separated by whitespace.
#    by lcov for code coverage. (Default:
#    collecting lcov instance. (Default: $CODE_COVERAGE_LCOV_OPTIONS_GCOVPATH)
#    genhtml instance. (Default: based on $CODE_COVERAGE_BRANCH_COVERAGE)
#    instance. (Default: $CODE_COVERAGE_GENHTML_OPTIONS_DEFAULT)
#    instance. (Default: $CODE_COVERAGE_LCOV_OPTIONS_DEFAULT)
#    instance. (Default: $CODE_COVERAGE_LCOV_RMOPTS_DEFAULT)
#    instances. (Default: $CODE_COVERAGE_LCOV_SHOPTS_DEFAULT)
#    instances. (Default: based on $CODE_COVERAGE_BRANCH_COVERAGE)
#    lcov instance. (Default: empty)
#    reports to be created. (Default:
#    set to 0 to disable it and leave empty to stay with the default.
#  - CODE_COVERAGE_BRANCH_COVERAGE: Set to 1 to enforce branch coverage,
#  - CODE_COVERAGE_DIRECTORY: Top-level directory for code coverage reporting.
#  - CODE_COVERAGE_GENHTML_OPTIONS: Extra options to pass to the genhtml
#  - CODE_COVERAGE_GENHTML_OPTIONS_DEFAULT: Extra options to pass to the
#  - CODE_COVERAGE_IGNORE_PATTERN: Extra glob pattern of files to ignore
#  - CODE_COVERAGE_LCOV_OPTIONS: Extra options to pass to the collecting lcov
#  - CODE_COVERAGE_LCOV_OPTIONS_DEFAULT: Extra options to pass to the
#  - CODE_COVERAGE_LCOV_OPTIONS_GCOVPATH: --gcov-tool pathtogcov
#  - CODE_COVERAGE_LCOV_RMOPTS: Extra options to pass to the filtering lcov
#  - CODE_COVERAGE_LCOV_RMOPTS_DEFAULT: Extra options to pass to the filtering
#  - CODE_COVERAGE_LCOV_SHOPTS: Extra options to shared between both lcov
#  - CODE_COVERAGE_LCOV_SHOPTS_DEFAULT: Extra options shared between both lcov
#  - CODE_COVERAGE_OUTPUT_DIRECTORY: Directory for generated code coverage
#  - CODE_COVERAGE_OUTPUT_FILE: Filename and path for the .info file generated
# $(PACKAGE_VERSION). In order to add the current git hash to the title,
# Capture code coverage data
# Code coverage
# Hook rule executed before code-coverage-capture, overridable by the user
# Optional variables
# Optional:
# The generated report will be titled using the $(PACKAGE_NAME) and
# Use recursive makes in order to ignore errors during check
# sanitizes the test-name: replaces with underscores: dashes and dots
# use the git-version-gen script, available online.
$(if $(CODE_COVERAGE_BRANCH_COVERAGE),\
'
--rc genhtml_branch_coverage=$(CODE_COVERAGE_BRANCH_COVERAGE))
--rc lcov_branch_coverage=$(CODE_COVERAGE_BRANCH_COVERAGE))
.PHONY: check-code-coverage code-coverage-capture code-coverage-capture-hook code-coverage-clean
ACLOCAL='${SHELL} /home/user/Adafruit-GFX-Library/fontconvert/cmake-build-pinned/freetype-hb/ep/Source/harfbuzz/missing aclocal-1.16'
AMDEPBACKSLASH='\'
AMDEP_FALSE='#'
AMDEP_TRUE=''
AMTAR='$${TAR-tar}'
AM_BACKSLASH='\'
AM_DEFAULT_V='$(AM_DEFAULT_VERBOSITY)'
AM_DEFAULT_VERBOSITY='0'
AM_DISTCHECK_CONFIGURE_FLAGS += --disable-code-coverage
AM_DISTCHECK_CONFIGURE_FLAGS ?=
AM_V='$(V)'
AR='ar'
AUTOCONF='${SHELL} /home/user/Adafruit-GFX-Library/fontconvert/cmake-build-pinned/freetype-hb/ep/Source/harfbuzz/missing autoconf'
AUTOHEADER='${SHELL} /home/user/Adafruit-GFX-Library/fontconvert/cmake-build-pinned/freetype-hb/ep/Source/harfbuzz/missing autoheader'
AUTOMAKE='${SHELL} /home/user/Adafruit-GFX-Library/fontconvert/cmake-build-pinned/freetype-hb/ep/Source/harfbuzz/missing automake-1.16'
AWK='mawk'
CAIRO_CFLAGS='-I/usr/include/cairo -I/usr/include/libpng16 -I/usr/include/freetype2 -I/usr/include/pixman-1 '
CAIRO_FT_CFLAGS='-I/usr/include/cairo -I/usr/include/libpng16 -I/usr/include/freetype2 -I/usr/include/pixman-1 '
CAIRO_FT_LIBS='-lcairo -lfreetype '
CAIRO_LIBS='-lcairo '
CC='gcc'
CCDEPMODE='depmode=gcc3'
CFLAGS='-g -O2'
CODE_COVERAGE_BRANCH_COVERAGE ?=
CODE_COVERAGE_CFLAGS=''
CODE_COVERAGE_CPPFLAGS=''
CODE_COVERAGE_CXXFLAGS=''
CODE_COVERAGE_DIRECTORY ?= $(top_builddir)
CODE_COVERAGE_ENABLED='no'
CODE_COVERAGE_ENABLED_FALSE=''
CODE_COVERAGE_ENABLED_TRUE='#'
CODE_COVERAGE_GENHTML_OPTIONS ?= $(CODE_COVERAGE_GENHTML_OPTIONS_DEFAULT)
CODE_COVERAGE_GENHTML_OPTIONS_DEFAULT ?=\
CODE_COVERAGE_IGNORE_PATTERN ?=
CODE_COVERAGE_LCOV_OPTIONS ?= $(CODE_COVERAGE_LCOV_OPTIONS_DEFAULT)
CODE_COVERAGE_LCOV_OPTIONS_DEFAULT ?= $(CODE_COVERAGE_LCOV_OPTIONS_GCOVPATH)
CODE_COVERAGE_LCOV_OPTIONS_GCOVPATH ?= --gcov-tool "$(GCOV)"
CODE_COVERAGE_LCOV_RMOPTS ?= $(CODE_COVERAGE_LCOV_RMOPTS_DEFAULT)
CODE_COVERAGE_LCOV_RMOPTS_DEFAULT ?=
CODE_COVERAGE_LCOV_SHOPTS ?= $(CODE_COVERAGE_LCOV_SHOPTS_DEFAULT)
CODE_COVERAGE_LCOV_SHOPTS_DEFAULT ?= $(if $(CODE_COVERAGE_BRANCH_COVERAGE),\
CODE_COVERAGE_LDFLAGS=''
CODE_COVERAGE_LIBS=''
CODE_COVERAGE_OUTPUT_DIRECTORY ?= $(PACKAGE_NAME)-$(PACKAGE_VERSION)-coverage
CODE_COVERAGE_OUTPUT_FILE ?= $(PACKAGE_NAME)-$(PACKAGE_VERSION)-coverage.info
CODE_COVERAGE_RULES='
CORETEXT_CFLAGS=''
CORETEXT_LIBS=''
CPP='gcc -E'
CPPFLAGS=''
CXX='g++'
CXXCPP='g++ -E'
CXXDEPMODE='depmode=gcc3'
CXXFLAGS='-fno-rtti -g -O2 -fno-exceptions -fno-threadsafe-statics -fvisibility-inlines-hidden -std=c++11'
CYGPATH_W='echo'
DEFS='-DHAVE_CONFIG_H'
DEPDIR='.deps'
DIRECTWRITE_CXXFLAGS=''
DIRECTWRITE_LIBS=''
DLLTOOL='false'
DSYMUTIL=''
DUMPBIN=''
ECHO_C=''
ECHO_N='-n'
ECHO_T=''
EGREP='/usr/bin/grep -E'
ENABLE_GTK_DOC_FALSE=''
ENABLE_GTK_DOC_TRUE='#'
EXEEXT=''
FGREP='/usr/bin/grep -F'
FONTCONFIG_CFLAGS='-I/usr/include/freetype2 -I/usr/include/libpng16 '
FONTCONFIG_LIBS='-lfontconfig -lfreetype '
FREETYPE_CFLAGS='"-I/home/user/Adafruit-GFX-Library/fontconvert/cmake-build-pinned/freetype-hb/ep/Install/freetype_without_harfbuzz/include/freetype2/"'
FREETYPE_DEPS='freetype2 >= 12.0.6'
FREETYPE_LIBS='"/home/user/Adafruit-GFX-Library/fontconvert/cmake-build-pinned/freetype-hb/ep/Install/freetype_without_harfbuzz/lib/libfreetype.a"'
GCOV=''
GDI_CFLAGS=''
GDI_LIBS=''
GENHTML=''
GIT='${SHELL} /home/user/Adafruit-GFX-Library/fontconvert/cmake-build-pinned/freetype-hb/ep/Source/harfbuzz/missing git'
GITIGNOREFILES += $(CODE_COVERAGE_OUTPUT_FILE) $(CODE_COVERAGE_OUTPUT_DIRECTORY)
GITIGNOREFILES ?=
GLIB_CFLAGS='-I/usr/include/glib-2.0 -I/usr/lib/x86_64-linux-gnu/glib-2.0/include '
GLIB_DEPS='glib-2.0 >= 2.19.1'
GLIB_LIBS='-lglib-2.0 '
GLIB_MKENUMS=''
GOBJECT_CFLAGS=''
GOBJECT_LIBS=''
GRAPHITE2_CFLAGS=''
GRAPHITE2_DEPS='graphite2 >= 1.2.0'
GRAPHITE2_LIBS=''
GREP='/usr/bin/grep'
GTKDOC_CHECK=''
GTKDOC_CHECK_PATH=''
GTKDOC_DEPS_CFLAGS='-I/usr/include/glib-2.0 -I/usr/lib/x86_64-linux-gnu/glib-2.0/include '
GTKDOC_DEPS_LIBS='-lgobject-2.0 -lglib-2.0 '
GTKDOC_MKPDF=''
GTKDOC_REBASE='true'
GTK_DOC_BUILD_HTML_FALSE='#'
GTK_DOC_BUILD_HTML_TRUE=''
GTK_DOC_BUILD_PDF_FALSE=''
GTK_DOC_BUILD_PDF_TRUE='#'
GTK_DOC_USE_LIBTOOL_FALSE='#'
GTK_DOC_USE_LIBTOOL_TRUE=''
GTK_DOC_USE_REBASE_FALSE='#'
GTK_DOC_USE_REBASE_TRUE=''
HAVE_CAIRO_FALSE='#'
HAVE_CAIRO_FT_FALSE='#'
HAVE_CAIRO_FT_TRUE=''
HAVE_CAIRO_TRUE=''
HAVE_CORETEXT_FALSE=''
HAVE_CORETEXT_TRUE='#'
HAVE_CXX11='1'
HAVE_DIRECTWRITE_FALSE=''
HAVE_DIRECTWRITE_TRUE='#'
HAVE_FONTCONFIG_FALSE='#'
HAVE_FONTCONFIG_TRUE=''
HAVE_FREETYPE_FALSE='#'
HAVE_FREETYPE_TRUE=''
HAVE_GCC_FALSE='#'
HAVE_GCC_TRUE=''
HAVE_GDI_FALSE=''
HAVE_GDI_TRUE='#'
HAVE_GLIB_FALSE='#'
HAVE_GLIB_TRUE=''
HAVE_GOBJECT_FALSE=''
HAVE_GOBJECT_TRUE='#'
HAVE_GRAPHITE2_FALSE=''
HAVE_GRAPHITE2_TRUE='#'
HAVE_GTK_DOC_FALSE=''
HAVE_GTK_DOC_TRUE='#'
HAVE_ICU_BUILTIN_FALSE=''
HAVE_ICU_BUILTIN_TRUE='#'
HAVE_ICU_FALSE='#'
HAVE_ICU_TRUE=''
HAVE_INTROSPECTION_FALSE=''
HAVE_INTROSPECTION_TRUE='#'
HAVE_PTHREAD_FALSE='#'
HAVE_PTHREAD_TRUE=''
HAVE_UNISCRIBE_FALSE=''
HAVE_UNISCRIBE_TRUE='#'
HB_LIBTOOL_VERSION_INFO='20600:7:20600'
HB_VERSION='2.6.7'
HB_VERSION_MAJOR='2'
HB_VERSION_MICRO='7'
HB_VERSION_MINOR='6'
HTML_DIR='${datadir}/gtk-doc/html'
ICU_CFLAGS=''
ICU_CONFIG=''
ICU_LIBS='-licuuc -licudata '
INSTALL_DATA='${INSTALL} -m 644'
INSTALL_PROGRAM='${INSTALL}'
INSTALL_SCRIPT='${INSTALL}'
INSTALL_STRIP_PROGRAM='$(install_sh) -c -s'
INTROSPECTION_CFLAGS=''
INTROSPECTION_COMPILER=''
INTROSPECTION_GENERATE=''
INTROSPECTION_GIRDIR=''
INTROSPECTION_LIBS=''
INTROSPECTION_MAKEFILE=''
INTROSPECTION_SCANNER=''
INTROSPECTION_TYPELIBDIR=''
LCOV=''
LD='/usr/bin/ld -m elf_x86_64'
LDFLAGS=' -Bsymbolic-functions'
LIBOBJS=''
LIBS=''
LIBTOOL='$(SHELL) $(top_builddir)/libtool'
LIPO=''
LN_S='ln -s'
LTLIBOBJS=''
LT_SYS_LIBRARY_PATH=''
MAKEINFO='${SHELL} /home/user/Adafruit-GFX-Library/fontconvert/cmake-build-pinned/freetype-hb/ep/Source/harfbuzz/missing makeinfo'
MANIFEST_TOOL=':'
MKDIR_P='/usr/bin/mkdir -p'
NM='/usr/bin/nm -B'
NMEDIT=''
OBJDUMP='objdump'
OBJEXT='o'
OS_WIN32_FALSE=''
OS_WIN32_TRUE='#'
OTOOL64=''
OTOOL=''
PACKAGE='harfbuzz'
PACKAGE_BUGREPORT='https://github.com/harfbuzz/harfbuzz/issues/new'
PACKAGE_NAME='HarfBuzz'
PACKAGE_STRING='HarfBuzz 2.6.7'
PACKAGE_TARNAME='harfbuzz'
PACKAGE_URL='http://harfbuzz.org/'
PACKAGE_VERSION='2.6.7'
PATH_SEPARATOR=':'
PKG_CONFIG='/usr/bin/pkg-config'
PKG_CONFIG_LIBDIR=''
PKG_CONFIG_PATH=''
PTHREAD_CC='gcc'
PTHREAD_CFLAGS='-pthread'
PTHREAD_LIBS=''
RAGEL='${SHELL} /home/user/Adafruit-GFX-Library/fontconvert/cmake-build-pinned/freetype-hb/ep/Source/harfbuzz/missing ragel'
RANLIB='ranlib'
SED='/usr/bin/sed'
SET_MAKE=''
SHELL='/bin/bash'
STRIP='strip'
UNISCRIBE_CFLAGS=''
UNISCRIBE_LIBS=''
VERSION='2.6.7'
WITH_LIBSTDCXX_FALSE=''
WITH_LIBSTDCXX_TRUE='#'
_GI_EXP_DATADIR=''
_GI_EXP_LIBDIR=''
ac_ct_AR='ar'
ac_ct_CC='gcc'
ac_ct_CXX='g++'
ac_ct_DUMPBIN=''
am__EXEEXT_FALSE=''
am__EXEEXT_TRUE='#'
am__fastdepCC_FALSE='#'
am__fastdepCC_TRUE=''
am__fastdepCXX_FALSE='#'
am__fastdepCXX_TRUE=''
am__include='include'
am__isrc=' -I$(srcdir)'
am__leading_dot='.'
am__nodep='_no'
am__quote=''
am__tar='tar --format=ustar -chf - "$$tardir"'
am__untar='tar -xf -'
ax_pthread_config=''
bindir='${exec_prefix}/bin'
build='x86_64-pc-linux-gnu'
build_alias=''
build_cpu='x86_64'
build_os='linux-gnu'
build_vendor='pc'
check-code-coverage:
code-coverage-capture-hook:
code-coverage-capture: code-coverage-capture-hook
code_coverage_quiet = $(code_coverage_quiet_$(V))
code_coverage_quiet_ = $(code_coverage_quiet_$(AM_DEFAULT_VERBOSITY))
code_coverage_quiet_0 = --quiet
code_coverage_sanitize = $(subst -,_,$(subst .,_,$(1)))
code_coverage_v_genhtml = $(code_coverage_v_genhtml_$(V))
code_coverage_v_genhtml_ = $(code_coverage_v_genhtml_$(AM_DEFAULT_VERBOSITY))
code_coverage_v_genhtml_0 = @echo "  GEN   " $(CODE_COVERAGE_OUTPUT_DIRECTORY);
code_coverage_v_lcov_cap = $(code_coverage_v_lcov_cap_$(V))
code_coverage_v_lcov_cap_ = $(code_coverage_v_lcov_cap_$(AM_DEFAULT_VERBOSITY))
code_coverage_v_lcov_cap_0 = @echo "  LCOV   --capture"\
code_coverage_v_lcov_ign = $(code_coverage_v_lcov_ign_$(V))
code_coverage_v_lcov_ign_ = $(code_coverage_v_lcov_ign_$(AM_DEFAULT_VERBOSITY))
code_coverage_v_lcov_ign_0 = @echo "  LCOV   --remove /tmp/*"\
datadir='${datarootdir}'
datarootdir='${prefix}/share'
docdir='${datarootdir}/doc/${PACKAGE_TARNAME}'
dvidir='${docdir}'
exec_prefix='${prefix}'
have_gobject='false'
host='x86_64-pc-linux-gnu'
host_alias=''
host_cpu='x86_64'
host_os='linux-gnu'
host_vendor='pc'
htmldir='${docdir}'
includedir='${prefix}/include'
infodir='${datarootdir}/info'
install_sh='${SHELL} /home/user/Adafruit-GFX-Library/fontconvert/cmake-build-pinned/freetype-hb/ep/Source/harfbuzz/install-sh'
libdir='${exec_prefix}/lib'
libexecdir='${exec_prefix}/libexec'
localedir='${datarootdir}/locale'
localstatedir='${prefix}/var'
mandir='${datarootdir}/man'
mkdir_p='$(MKDIR_P)'
oldincludedir='/usr/include'
pdfdir='${docdir}'
prefix='/home/user/Adafruit-GFX-Library/fontconvert/cmake-build-pinned/freetype-hb/ep/Install/harfbuzz'
program_transform_name='s,x,x,'
psdir='${docdir}'
sbindir='${exec_prefix}/sbin'
sharedstatedir='${prefix}/com'
sysconfdir='${prefix}/etc'
target_alias=''

## ----------- ##
## confdefs.h. ##
## ----------- ##

/* confdefs.h */
#define PACKAGE_NAME "HarfBuzz"
#define PACKAGE_TARNAME "harfbuzz"
#define PACKAGE_VERSION "2.6.7"
#define PACKAGE_STRING "HarfBuzz 2.6.7"
#define PACKAGE_BUGREPORT "https://github.com/harfbuzz/harfbuzz/issues/new"
#define PACKAGE_URL "http://harfbuzz.org/"
#define STDC_HEADERS 1
#define HAVE_SYS_TYPES_H 1
#define HAVE_SYS_STAT_H 1
#define HAVE_STDLIB_H 1
#define HAVE_STRING_H 1
#define HAVE_MEMORY_H 1
#define HAVE_STRINGS_H 1
#define HAVE_INTTYPES_H 1
#define HAVE_STDINT_H 1
#define HAVE_UNISTD_H 1
#define HAVE_DLFCN_H 1
#define LT_OBJDIR ".libs/"
#define HAVE_CXX11 1
#define HAVE_ATEXIT 1
#define HAVE_MPROTECT 1
#define HAVE_SYSCONF 1
#define HAVE_GETPAGESIZE 1
#define HAVE_MMAP 1
#define HAVE_ISATTY 1
#define HAVE_UNISTD_H 1
#define HAVE_SYS_MMAN_H 1
#define HAVE_STDBOOL_H 1
#define ALIGNOF_STRUCT_CHAR__ 1
#define HAVE_PTHREAD_PRIO_INHERIT 1
#define HAVE_PTHREAD 1
#define HAVE_GLIB 1
#define HAVE_CAIRO 1
#define HAVE_CAIRO_FT 1
#define HAVE_FONTCONFIG 1
#define HAVE_ICU 1
#define HAVE_FREETYPE 1
#define HAVE_INTEL_ATOMIC_PRIMITIVES 1

configure: exit 0
